// Jest Snapshot v1, https://goo.gl/fbAQLP

exports[`Render GamePage 1`] = `ShallowWrapper {}`;
