// Jest Snapshot v1, https://goo.gl/fbAQLP

exports[`Render HomePage 1`] = `ShallowWrapper {}`;
